Microchip MPLAB XC8 Compiler V2.05 ()

Linker command line:

-W-3 --edf=C:\Program Files (x86)\Microchip\xc8\v2.05\pic\dat\en_msgs.txt \
  -cs -h+dist/default/production\I2CHandCodeAndCompute.X.production.sym \
  --cmf=dist/default/production\I2CHandCodeAndCompute.X.production.cmf -z \
  -Q18F8722 -oC:\Users\KhoaPham\AppData\Local\Temp\s4ns.3 \
  --defsym=__MPLAB_BUILD=1 \
  -Mdist/default/production/I2CHandCodeAndCompute.X.production.map -E1 \
  -ver=XC8 --acfsm=1493 -ASTACK=069h-0F5Fh -pstack=STACK -ACODE=00h-01FFFFh \
  -ACONST=00h-01FFFFh -ASMALLCONST=01000h-010FFhx496 \
  -AMEDIUMCONST=01000h-0FFFFh,011000h-01FFFFh -ACOMRAM=01h-05Fh \
  -AABS1=00h-0F5Fh -ABIGRAM=01h-0F5Fh \
  -ARAM=060h-0FFh,0100h-01FFhx14,0F00h-0F5Fh -ABANK0=060h-0FFh \
  -ABANK1=0100h-01FFh -ABANK2=0200h-02FFh -ABANK3=0300h-03FFh \
  -ABANK4=0400h-04FFh -ABANK5=0500h-05FFh -ABANK6=0600h-06FFh \
  -ABANK7=0700h-07FFh -ABANK8=0800h-08FFh -ABANK9=0900h-09FFh \
  -ABANK10=0A00h-0AFFh -ABANK11=0B00h-0BFFh -ABANK12=0C00h-0CFFh \
  -ABANK13=0D00h-0DFFh -ABANK14=0E00h-0EFFh -ABANK15=0F00h-0F5Fh \
  -ASFR=0F60h-0FFFh -preset_vec=00h,intcode,intcodelo=018h,powerup,init \
  -pramtop=01000h -psmallconst=SMALLCONST -pmediumconst=MEDIUMCONST \
  -pconst=CONST -AFARRAM=00h-00h -ACONFIG=0300000h-030000Dh -pconfig=CONFIG \
  -AIDLOC=0200000h-0200007h -pidloc=IDLOC -AEEDATA=0F00000h-0F003FFh \
  -peeprom_data=EEDATA \
  -prdata=COMRAM,nvrram=COMRAM,nvbit=COMRAM,rbss=COMRAM,rbit=COMRAM \
  -pfarbss=FARRAM,fardata=FARRAM,nvFARRAM=FARRAM \
  -pintsave_regs=BIGRAM,bigbss=BIGRAM,bigdata=BIGRAM -pbss=RAM \
  -pidata=CODE,irdata=CODE,ibigdata=CODE,ifardata=CODE -prparam=COMRAM \
  C:\Users\KhoaPham\AppData\Local\Temp\s4ns.o \
  dist/default/production\I2CHandCodeAndCompute.X.production.o 

Object code version is 3.11

Machine type is 18F8722

Call graph: (short form)




                Name                               Link     Load   Length Selector   Space Scale
C:\Users\KhoaPham\AppData\Local\Temp\s4ns.o
                init                                 A4       A4        4        C       0
                reset_vec                             0        0        4        0       0
                idloc                            200000   200000        8   200000       0
                config                           300000   300000        E   300000       0
dist/default/production\I2CHandCodeAndCompute.X.production.o
                intcodelo                            18       18       8C        C       0
                temp                                 5B       5B        1        1       1
                smallconst                         1000     1000       18      800       0
                text26                             189A     189A      10E      80C       0
                text25                             178C     178C      10E      80C       0
                text24                             1C56     1C56       76      80C       0
                text23                             1D9A     1D9A       32      80C       0
                text22                             19A8     19A8       CC      80C       0
                text21                             1B2E     1B2E       AC      80C       0
                text20                             1018     1018      288      80C       0
                text19                             1A74     1A74       BA      80C       0
                text18                             1410     1410      140      80C       0
                text17                             12A0     12A0      170      80C       0
                text16                             1E96     1E96        8      80C       0
                text15                             1D64     1D64       36      80C       0
                text14                             1E8E     1E8E        8      80C       0
                text13                             1E86     1E86        8      80C       0
                text12                             1E3C     1E3C       14      80C       0
                text11                             1CCC     1CCC       54      80C       0
                text10                             1E70     1E70        E      80C       0
                text8                              1E1E     1E1E       1E      80C       0
                text7                              166E     166E      11E      80C       0
                text6                              1D20     1D20       44      80C       0
                text5                              1550     1550      11E      80C       0
                text4                              1BDA     1BDA       7C      80C       0
                text3                              1E7E     1E7E        8      80C       0
                text2                              1E50     1E50       12      80C       0
                text1                              1E62     1E62        E      80C       0
                text0                              1DFA     1DFA       24      80C       0
                cstackCOMRAM                          1        1       54        1       1
                cstackBANK0                          60       60        9       60       1
                dataCOMRAM                           55       55        6        1       1
                cinit                              1DCC     1DCC       2E      80C       0
                idataCOMRAM                        1E9E     1E9E        6      80C       0

TOTAL           Name                               Link     Load   Length     Space
        CLASS   STACK          

        CLASS   CODE           
                intcodelo                            18       18       8C         0
                init                                 A4       A4        4         0
                reset_vec                             0        0        4         0
                text26                             189A     189A      10E         0
                text25                             178C     178C      10E         0
                text24                             1C56     1C56       76         0
                text23                             1D9A     1D9A       32         0
                text22                             19A8     19A8       CC         0
                text21                             1B2E     1B2E       AC         0
                text20                             1018     1018      288         0
                text19                             1A74     1A74       BA         0
                text18                             1410     1410      140         0
                text17                             12A0     12A0      170         0
                text16                             1E96     1E96        8         0
                text15                             1D64     1D64       36         0
                text14                             1E8E     1E8E        8         0
                text13                             1E86     1E86        8         0
                text12                             1E3C     1E3C       14         0
                text11                             1CCC     1CCC       54         0
                text10                             1E70     1E70        E         0
                text8                              1E1E     1E1E       1E         0
                text7                              166E     166E      11E         0
                text6                              1D20     1D20       44         0
                text5                              1550     1550      11E         0
                text4                              1BDA     1BDA       7C         0
                text3                              1E7E     1E7E        8         0
                text2                              1E50     1E50       12         0
                text1                              1E62     1E62        E         0
                text0                              1DFA     1DFA       24         0
                cinit                              1DCC     1DCC       2E         0
                idataCOMRAM                        1E9E     1E9E        6         0

        CLASS   CONST          

        CLASS   SMALLCONST     
                smallconst                         1000     1000       18         0

        CLASS   MEDIUMCONST    

        CLASS   COMRAM         
                temp                                 5B       5B        1         1
                cstackCOMRAM                          1        1       54         1
                dataCOMRAM                           55       55        6         1

        CLASS   ABS1           

        CLASS   BIGRAM         

        CLASS   RAM            

        CLASS   BANK0          
                cstackBANK0                          60       60        9         1

        CLASS   BANK1          

        CLASS   BANK2          

        CLASS   BANK3          

        CLASS   BANK4          

        CLASS   BANK5          

        CLASS   BANK6          

        CLASS   BANK7          

        CLASS   BANK8          

        CLASS   BANK9          

        CLASS   BANK10         

        CLASS   BANK11         

        CLASS   BANK12         

        CLASS   BANK13         

        CLASS   BANK14         

        CLASS   BANK15         

        CLASS   SFR            

        CLASS   FARRAM         

        CLASS   CONFIG         
                config                           300000   300000        E         0

        CLASS   IDLOC          
                idloc                            200000   200000        8         0

        CLASS   EEDATA         



SEGMENTS        Name                           Load    Length   Top    Selector   Space  Class

                reset_vec                      000000  000004  000004         0       0  CODE    
                cstackCOMRAM                   000001  00005B  00005C         1       1  COMRAM  
                intcodelo                      000018  000090  0000A8         C       0  CODE    
                cstackBANK0                    000060  000009  000069        60       1  BANK0   
                smallconst                     001000  000018  001018       800       0  SMALLCON
                text20                         001018  000E8C  001EA4       80C       0  CODE    
                idloc                          200000  000008  200008    200000       0  IDLOC   
                config                         300000  00000E  30000E    300000       0  CONFIG  


UNUSED ADDRESS RANGES

        Name                Unused          Largest block    Delta
        BANK0            000069-0000FF               97
        BANK1            000100-0001FF              100
        BANK10           000A00-000AFF              100
        BANK11           000B00-000BFF              100
        BANK12           000C00-000CFF              100
        BANK13           000D00-000DFF              100
        BANK14           000E00-000EFF              100
        BANK15           000F00-000F5F               60
        BANK2            000200-0002FF              100
        BANK3            000300-0003FF              100
        BANK4            000400-0004FF              100
        BANK5            000500-0005FF              100
        BANK6            000600-0006FF              100
        BANK7            000700-0007FF              100
        BANK8            000800-0008FF              100
        BANK9            000900-0009FF              100
        BIGRAM           00005C-00005F                4
                         000069-000F5F              EF7
        CODE             000004-000017               14
                         0000A8-000FFF              F58
                         001EA4-01FFFF            1E15C
        COMRAM           00005C-00005F                4
        CONST            000004-000017               14
                         0000A8-000FFF              F58
                         001EA4-01FFFF            1E15C
        EEDATA           F00000-F003FF              400
        MEDIUMCONST      001EA4-00FFFF             E15C
                         011000-01FFFF             F000
        RAM              000069-000F5F              100
        SFR              000F60-000FFF               A0
        SMALLCONST       001EA4-01FFFF              100
        STACK            000069-000F5F              EF7

                                  Symbol Table

?___aldiv                       cstackCOMRAM 000001
?___almod                       cstackCOMRAM 000001
?___fldiv                       cstackCOMRAM 00000F
?___fltol                       cstackCOMRAM 000028
?___xxtofl                      cstackCOMRAM 000001
?_readByte                      cstackCOMRAM 000004
I2C_Master_Read@a               cstackCOMRAM 000002
I2C_Master_Read@temp            cstackCOMRAM 000003
I2C_Master_Write@d              cstackCOMRAM 000001
LCD_Char@char_data              cstackBANK0  000062
LCD_Command@cmnd                cstackBANK0  000063
LCD_String@i                    cstackBANK0  000067
LCD_String@str                  cstackBANK0  000063
LCD_String_xy@pos               cstackCOMRAM 00000A
LCD_String_xy@row               cstackCOMRAM 00000D
LCD_String_xy@str               cstackCOMRAM 00000B
_I2C_Master_Init                text8        001E1E
_I2C_Master_Read                text15       001D64
_I2C_Master_Start               text14       001E8E
_I2C_Master_Stop                text13       001E86
_I2C_Master_Wait                text16       001E96
_I2C_Master_Write               text12       001E3C
_INTCON2bits                    (abs)        000FF1
_INTCONbits                     (abs)        000FF2
_LCD_Char                       text5        001550
_LCD_Command                    text7        00166E
_LCD_Init                       text6        001D20
_LCD_String                     text4        001BDA
_LCD_String_xy                  text23       001D9A
_PIR1bits                       (abs)        000F9E
_PORTBbits                      (abs)        000F81
_PORTCbits                      (abs)        000F82
_RCONbits                       (abs)        000FD0
_SSPADD                         (abs)        000FC8
_SSPBUF                         (abs)        000FC9
_SSPCON1                        (abs)        000FC6
_SSPCON1bits                    (abs)        000FC6
_SSPCON2                        (abs)        000FC5
_SSPCON2bits                    (abs)        000FC5
_SSPSTAT                        (abs)        000FC7
_SSPSTATbits                    (abs)        000FC7
_T0CON                          (abs)        000FD5
_T0CONbits                      (abs)        000FD5
_TMR0H                          (abs)        000FD7
_TMR0L                          (abs)        000FD6
_TRISBbits                      (abs)        000F93
_TRISCbits                      (abs)        000F94
_WREG                           (abs)        000FE8
__CFG_ADDRBW$ADDR20BIT          (abs)        000000
__CFG_BBSIZ$BB2K                (abs)        000000
__CFG_BOREN$SBORDIS             (abs)        000000
__CFG_BORV$3                    (abs)        000000
__CFG_CCP2MX$PORTC              (abs)        000000
__CFG_CP0$OFF                   (abs)        000000
__CFG_CP1$OFF                   (abs)        000000
__CFG_CP2$OFF                   (abs)        000000
__CFG_CP3$OFF                   (abs)        000000
__CFG_CP4$OFF                   (abs)        000000
__CFG_CP5$OFF                   (abs)        000000
__CFG_CP6$OFF                   (abs)        000000
__CFG_CP7$OFF                   (abs)        000000
__CFG_CPB$OFF                   (abs)        000000
__CFG_CPD$OFF                   (abs)        000000
__CFG_DATABW$DATA16BIT          (abs)        000000
__CFG_EBTR0$OFF                 (abs)        000000
__CFG_EBTR1$OFF                 (abs)        000000
__CFG_EBTR2$OFF                 (abs)        000000
__CFG_EBTR3$OFF                 (abs)        000000
__CFG_EBTR4$OFF                 (abs)        000000
__CFG_EBTR5$OFF                 (abs)        000000
__CFG_EBTR6$OFF                 (abs)        000000
__CFG_EBTR7$OFF                 (abs)        000000
__CFG_EBTRB$OFF                 (abs)        000000
__CFG_ECCPMX$PORTE              (abs)        000000
__CFG_FCMEN$OFF                 (abs)        000000
__CFG_IESO$OFF                  (abs)        000000
__CFG_LPT1OSC$OFF               (abs)        000000
__CFG_LVP$OFF                   (abs)        000000
__CFG_MCLRE$ON                  (abs)        000000
__CFG_MODE$MC                   (abs)        000000
__CFG_OSC$HS                    (abs)        000000
__CFG_PWRT$OFF                  (abs)        000000
__CFG_STVREN$ON                 (abs)        000000
__CFG_WAIT$OFF                  (abs)        000000
__CFG_WDT$OFF                   (abs)        000000
__CFG_WDTPS$32768               (abs)        000000
__CFG_WRT0$OFF                  (abs)        000000
__CFG_WRT1$OFF                  (abs)        000000
__CFG_WRT2$OFF                  (abs)        000000
__CFG_WRT3$OFF                  (abs)        000000
__CFG_WRT4$OFF                  (abs)        000000
__CFG_WRT5$OFF                  (abs)        000000
__CFG_WRT6$OFF                  (abs)        000000
__CFG_WRT7$OFF                  (abs)        000000
__CFG_WRTB$OFF                  (abs)        000000
__CFG_WRTC$OFF                  (abs)        000000
__CFG_WRTD$OFF                  (abs)        000000
__CFG_XINST$OFF                 (abs)        000000
__HRAM                          (abs)        000000
__Habs1                         abs1         000000
__Hbank0                        bank0        000000
__Hbank1                        bank1        000000
__Hbank10                       bank10       000000
__Hbank11                       bank11       000000
__Hbank12                       bank12       000000
__Hbank13                       bank13       000000
__Hbank14                       bank14       000000
__Hbank15                       bank15       000000
__Hbank2                        bank2        000000
__Hbank3                        bank3        000000
__Hbank4                        bank4        000000
__Hbank5                        bank5        000000
__Hbank6                        bank6        000000
__Hbank7                        bank7        000000
__Hbank8                        bank8        000000
__Hbank9                        bank9        000000
__Hbigbss                       bigbss       000000
__Hbigdata                      bigdata      000000
__Hbigram                       bigram       000000
__Hbss                          bss          000000
__Hcinit                        cinit        000000
__Hclrtext                      clrtext      000000
__Hcomram                       comram       000000
__Hconfig                       config       30000E
__Hconst                        const        000000
__HcstackBANK0                  cstackBANK0  000000
__HcstackCOMRAM                 cstackCOMRAM 000000
__Hdata                         data         000000
__HdataCOMRAM                   dataCOMRAM   000000
__Heeprom_data                  eeprom_data  000000
__Hfarbss                       farbss       000000
__Hfardata                      fardata      000000
__Hibigdata                     ibigdata     000000
__Hidata                        idata        000000
__HidataCOMRAM                  idataCOMRAM  000000
__Hidloc                        idloc        200008
__Hifardata                     ifardata     000000
__Hinit                         init         0000A8
__Hintcode                      intcode      000004
__Hintcode_body                 intcode_body 000000
__Hintcodelo                    intcodelo    0000A4
__Hintentry                     intentry     000000
__Hintret                       intret       000000
__Hintsave_regs                 intsave_regs 000000
__Hirdata                       irdata       000000
__Hmediumconst                  mediumconst  000000
__HnvFARRAM                     nvFARRAM     000000
__Hnvbit                        nvbit        000000
__Hnvrram                       nvrram       000000
__Hparam                        rparam       000000
__Hpowerup                      powerup      0000A4
__Hram                          ram          000000
__Hramtop                       ramtop       001000
__Hrbit                         rbit         000000
__Hrbss                         rbss         000000
__Hrdata                        rdata        000000
__Hreset_vec                    reset_vec    000004
__Hrparam                       rparam       000000
__Hsfr                          sfr          000000
__Hsmallconst                   smallconst   001018
__Hspace_0                      (abs)        30000E
__Hspace_1                      (abs)        000069
__Hspace_2                      (abs)        000000
__Hstack                        stack        000000
__Hstruct                       struct       000000
__Htemp                         temp         00005C
__Htext                         text         000000
__Htext0                        text0        000000
__Htext1                        text1        000000
__Htext10                       text10       000000
__Htext11                       text11       000000
__Htext12                       text12       000000
__Htext13                       text13       000000
__Htext14                       text14       000000
__Htext15                       text15       000000
__Htext16                       text16       000000
__Htext17                       text17       000000
__Htext18                       text18       000000
__Htext19                       text19       000000
__Htext2                        text2        000000
__Htext20                       text20       000000
__Htext21                       text21       000000
__Htext22                       text22       000000
__Htext23                       text23       000000
__Htext24                       text24       000000
__Htext25                       text25       000000
__Htext26                       text26       000000
__Htext3                        text3        000000
__Htext4                        text4        000000
__Htext5                        text5        000000
__Htext6                        text6        000000
__Htext7                        text7        000000
__Htext8                        text8        000000
__LRAM                          (abs)        000001
__Labs1                         abs1         000000
__Lbank0                        bank0        000000
__Lbank1                        bank1        000000
__Lbank10                       bank10       000000
__Lbank11                       bank11       000000
__Lbank12                       bank12       000000
__Lbank13                       bank13       000000
__Lbank14                       bank14       000000
__Lbank15                       bank15       000000
__Lbank2                        bank2        000000
__Lbank3                        bank3        000000
__Lbank4                        bank4        000000
__Lbank5                        bank5        000000
__Lbank6                        bank6        000000
__Lbank7                        bank7        000000
__Lbank8                        bank8        000000
__Lbank9                        bank9        000000
__Lbigbss                       bigbss       000000
__Lbigdata                      bigdata      000000
__Lbigram                       bigram       000000
__Lbss                          bss          000000
__Lcinit                        cinit        000000
__Lclrtext                      clrtext      000000
__Lcomram                       comram       000000
__Lconfig                       config       300000
__Lconst                        const        000000
__LcstackBANK0                  cstackBANK0  000000
__LcstackCOMRAM                 cstackCOMRAM 000000
__Ldata                         data         000000
__LdataCOMRAM                   dataCOMRAM   000000
__Leeprom_data                  eeprom_data  000000
__Lfarbss                       farbss       000000
__Lfardata                      fardata      000000
__Libigdata                     ibigdata     000000
__Lidata                        idata        000000
__LidataCOMRAM                  idataCOMRAM  000000
__Lidloc                        idloc        200000
__Lifardata                     ifardata     000000
__Linit                         init         0000A4
__Lintcode                      intcode      000004
__Lintcode_body                 intcode_body 000000
__Lintcodelo                    intcodelo    000018
__Lintentry                     intentry     000000
__Lintret                       intret       000000
__Lintsave_regs                 intsave_regs 000000
__Lirdata                       irdata       000000
__Lmediumconst                  mediumconst  000000
__LnvFARRAM                     nvFARRAM     000000
__Lnvbit                        nvbit        000000
__Lnvrram                       nvrram       000000
__Lparam                        rparam       000000
__Lpowerup                      powerup      0000A4
__Lram                          ram          000000
__Lramtop                       ramtop       001000
__Lrbit                         rbit         000000
__Lrbss                         rbss         000000
__Lrdata                        rdata        000000
__Lreset_vec                    reset_vec    000000
__Lrparam                       rparam       000000
__Lsfr                          sfr          000000
__Lsmallconst                   smallconst   001000
__Lspace_0                      (abs)        000000
__Lspace_1                      (abs)        000000
__Lspace_2                      (abs)        000000
__Lstack                        stack        000000
__Lstruct                       struct       000000
__Ltemp                         temp         00005B
__Ltext                         text         000000
__Ltext0                        text0        000000
__Ltext1                        text1        000000
__Ltext10                       text10       000000
__Ltext11                       text11       000000
__Ltext12                       text12       000000
__Ltext13                       text13       000000
__Ltext14                       text14       000000
__Ltext15                       text15       000000
__Ltext16                       text16       000000
__Ltext17                       text17       000000
__Ltext18                       text18       000000
__Ltext19                       text19       000000
__Ltext2                        text2        000000
__Ltext20                       text20       000000
__Ltext21                       text21       000000
__Ltext22                       text22       000000
__Ltext23                       text23       000000
__Ltext24                       text24       000000
__Ltext25                       text25       000000
__Ltext26                       text26       000000
__Ltext3                        text3        000000
__Ltext4                        text4        000000
__Ltext5                        text5        000000
__Ltext6                        text6        000000
__Ltext7                        text7        000000
__Ltext8                        text8        000000
__S0                            (abs)        30000E
__S1                            (abs)        000069
__S2                            (abs)        000000
___aldiv                        text22       0019A8
___aldiv@counter                cstackCOMRAM 000009
___aldiv@dividend               cstackCOMRAM 000001
___aldiv@divisor                cstackCOMRAM 000005
___aldiv@quotient               cstackCOMRAM 00000B
___aldiv@sign                   cstackCOMRAM 00000A
___almod                        text21       001B2E
___almod@counter                cstackCOMRAM 000009
___almod@dividend               cstackCOMRAM 000001
___almod@divisor                cstackCOMRAM 000005
___almod@sign                   cstackCOMRAM 00000A
___extmem_base                  (abs)        020000
___fldiv                        text20       001018
___fldiv@a                      cstackCOMRAM 000013
___fldiv@aexp                   cstackCOMRAM 000027
___fldiv@b                      cstackCOMRAM 00000F
___fldiv@bexp                   cstackCOMRAM 000026
___fldiv@grs                    cstackCOMRAM 000022
___fldiv@new_exp                cstackCOMRAM 000020
___fldiv@rem                    cstackCOMRAM 00001B
___fldiv@sign                   cstackCOMRAM 00001F
___fltol                        text19       001A74
___fltol@exp1                   cstackCOMRAM 000031
___fltol@f1                     cstackCOMRAM 000028
___fltol@sign1                  cstackCOMRAM 000030
___inthi_sp                     stack        000000
___intlo_sp                     stack        000000
___param_bank                   (abs)        000000
___rparam_used                  (abs)        000001
___sp                           stack        000000
___xxtofl                       text18       001410
___xxtofl@arg                   cstackCOMRAM 00000B
___xxtofl@exp                   cstackCOMRAM 00000A
___xxtofl@sign                  cstackCOMRAM 000009
___xxtofl@val                   cstackCOMRAM 000001
__accesstop                     (abs)        000060
__activetblptr                  (abs)        000002
__end_of_I2C_Master_Init        text8        001E3C
__end_of_I2C_Master_Read        text15       001D9A
__end_of_I2C_Master_Start       text14       001E96
__end_of_I2C_Master_Stop        text13       001E8E
__end_of_I2C_Master_Wait        text16       001E9E
__end_of_I2C_Master_Write       text12       001E50
__end_of_LCD_Char               text5        00166E
__end_of_LCD_Command            text7        00178C
__end_of_LCD_Init               text6        001D64
__end_of_LCD_String             text4        001C56
__end_of_LCD_String_xy          text23       001DCC
__end_of___aldiv                text22       001A74
__end_of___almod                text21       001BDA
__end_of___fldiv                text20       0012A0
__end_of___fltol                text19       001B2E
__end_of___xxtofl               text18       001550
__end_of__initialization        cinit        001DEC
__end_of_init_interrupt         text3        001E86
__end_of_init_interrupt_timer0  text2        001E62
__end_of_main                   text0        001E1E
__end_of_printValue             text17       001410
__end_of_readByte               text11       001D20
__end_of_setup_timer0           text1        001E70
__end_of_timer_interrupt        intcodelo    0000A4
__end_ofi1_LCD_Char             text25       00189A
__end_ofi1_LCD_Command          text26       0019A8
__end_ofi1_LCD_String           text24       001CCC
__end_ofi1_setup_timer0         text10       001E7E
__initialization                cinit        001DCC
__mediumconst                   mediumconst  000000
__pcinit                        cinit        001DCC
__pcstackBANK0                  cstackBANK0  000060
__pcstackCOMRAM                 cstackCOMRAM 000001
__pdataCOMRAM                   dataCOMRAM   000055
__pidataCOMRAM                  idataCOMRAM  001E9E
__pintcodelo                    intcodelo    000018
__psmallconst                   smallconst   001000
__ptext0                        text0        001DFA
__ptext1                        text1        001E62
__ptext10                       text10       001E70
__ptext11                       text11       001CCC
__ptext12                       text12       001E3C
__ptext13                       text13       001E86
__ptext14                       text14       001E8E
__ptext15                       text15       001D64
__ptext16                       text16       001E96
__ptext17                       text17       0012A0
__ptext18                       text18       001410
__ptext19                       text19       001A74
__ptext2                        text2        001E50
__ptext20                       text20       001018
__ptext21                       text21       001B2E
__ptext22                       text22       0019A8
__ptext23                       text23       001D9A
__ptext24                       text24       001C56
__ptext25                       text25       00178C
__ptext26                       text26       00189A
__ptext3                        text3        001E7E
__ptext4                        text4        001BDA
__ptext5                        text5        001550
__ptext6                        text6        001D20
__ptext7                        text7        00166E
__ptext8                        text8        001E1E
__ramtop                        ramtop       001000
__size_of_I2C_Master_Init       (abs)        000000
__size_of_I2C_Master_Read       (abs)        000000
__size_of_I2C_Master_Start      (abs)        000000
__size_of_I2C_Master_Stop       (abs)        000000
__size_of_I2C_Master_Wait       (abs)        000000
__size_of_I2C_Master_Write      (abs)        000000
__size_of_LCD_Char              (abs)        000000
__size_of_LCD_Command           (abs)        000000
__size_of_LCD_Init              (abs)        000000
__size_of_LCD_String            (abs)        000000
__size_of_LCD_String_xy         (abs)        000000
__size_of___aldiv               (abs)        000000
__size_of___almod               (abs)        000000
__size_of___fldiv               (abs)        000000
__size_of___fltol               (abs)        000000
__size_of___xxtofl              (abs)        000000
__size_of_init_interrupt        (abs)        000000
__size_of_init_interrupt_timer0 (abs)        000000
__size_of_main                  (abs)        000000
__size_of_printValue            (abs)        000000
__size_of_readByte              (abs)        000000
__size_of_setup_timer0          (abs)        000000
__size_of_timer_interrupt       (abs)        000000
__size_ofi1_LCD_Char            (abs)        000000
__size_ofi1_LCD_Command         (abs)        000000
__size_ofi1_LCD_String          (abs)        000000
__size_ofi1_setup_timer0        (abs)        000000
__smallconst                    smallconst   001000
_init_interrupt                 text3        001E7E
_init_interrupt_timer0          text2        001E50
_main                           text0        001DFA
_printValue                     text17       0012A0
_readByte                       text11       001CCC
_setup_timer0                   text1        001E62
_timer_interrupt                intcodelo    000018
btemp                           temp         00005B
end_of_initialization           cinit        001DEC
i1LCD_Char@char_data            cstackCOMRAM 000003
i1LCD_Command@cmnd              cstackCOMRAM 000004
i1LCD_String@i                  cstackCOMRAM 000008
i1LCD_String@str                cstackCOMRAM 000004
i1_LCD_Char                     text25       00178C
i1_LCD_Command                  text26       00189A
i1_LCD_String                   text24       001C56
i1_setup_timer0                 text10       001E70
int$flags                       temp         00005B
intlevel0                       text         000000
intlevel1                       text         000000
intlevel2                       text         000000
intlevel3                       text         000000
printValue@F4581                dataCOMRAM   000055
printValue@i                    cstackCOMRAM 000040
printValue@lux                  cstackCOMRAM 000032
printValue@number               cstackCOMRAM 00003E
printValue@str                  cstackCOMRAM 000038
printValue@value                cstackCOMRAM 000042
readByte@byte                   cstackCOMRAM 000008
stackhi                         (abs)        000F5F
stacklo                         (abs)        000069
start                           init         0000A4
start_initialization            cinit        001DCC
timer_interrupt@lux             cstackCOMRAM 000053
ttemp5                          temp         00005C
ttemp6                          temp         00005F
ttemp7                          temp         000063
wtemp8                          temp         00005C


FUNCTION INFORMATION:

 *************** function _main *****************
 Defined at:
		line 37 in file "F:/SV3_HK2/DoAn2/MPLABXProjects/I2CHandCodeAndCompute.X/main.c"
 Parameters:    Size  Location     Type
		None
 Auto vars:     Size  Location     Type
		None
 Return value:  Size  Location     Type
                  1    wreg      void 
 Registers used:
		wreg, fsr0l, fsr0h, status,2, status,0, tblptrl, tblptrh, tblptru, cstack
 Tracked objects:
		On entry : 
		On exit  : 
		Unchanged: 
 Data sizes:     COMRAM   BANK0   BANK1   BANK2   BANK3   BANK4   BANK5   BANK6   BANK7   BANK8   BANK9  BANK10  BANK11  BANK12  BANK13  BANK14  BANK15
      Params:         0       0       0       0       0       0       0       0       0       0       0       0       0       0       0       0       0
      Locals:         0       0       0       0       0       0       0       0       0       0       0       0       0       0       0       0       0
      Temps:          0       0       0       0       0       0       0       0       0       0       0       0       0       0       0       0       0
      Totals:         0       0       0       0       0       0       0       0       0       0       0       0       0       0       0       0       0
Total ram usage:        0 bytes
 Hardware stack levels required when called:    7
 This function calls:
		_I2C_Master_Init
		_LCD_Init
		_LCD_String
		_init_interrupt
		_init_interrupt_timer0
		_setup_timer0
 This function is called by:
		Startup code after reset
 This function uses a non-reentrant model


 *************** function _setup_timer0 *****************
 Defined at:
		line 25 in file "F:/SV3_HK2/DoAn2/MPLABXProjects/I2CHandCodeAndCompute.X/interrupt.c"
 Parameters:    Size  Location     Type
		None
 Auto vars:     Size  Location     Type
		None
 Return value:  Size  Location     Type
                  1    wreg      void 
 Registers used:
		wreg, status,2
 Tracked objects:
		On entry : 
		On exit  : 
		Unchanged: 
 Data sizes:     COMRAM   BANK0   BANK1   BANK2   BANK3   BANK4   BANK5   BANK6   BANK7   BANK8   BANK9  BANK10  BANK11  BANK12  BANK13  BANK14  BANK15
      Params:         0       0       0       0       0       0       0       0       0       0       0       0       0       0       0       0       0
      Locals:         0       0       0       0       0       0       0       0       0       0       0       0       0       0       0       0       0
      Temps:          0       0       0       0       0       0       0       0       0       0       0       0       0       0       0       0       0
      Totals:         0       0       0       0       0       0       0       0       0       0       0       0       0       0       0       0       0
Total ram usage:        0 bytes
 Hardware stack levels used:    1
 Hardware stack levels required when called:    5
 This function calls:
		Nothing
 This function is called by:
		_main
 This function uses a non-reentrant model


 *************** function _init_interrupt_timer0 *****************
 Defined at:
		line 16 in file "F:/SV3_HK2/DoAn2/MPLABXProjects/I2CHandCodeAndCompute.X/interrupt.c"
 Parameters:    Size  Location     Type
		None
 Auto vars:     Size  Location     Type
		None
 Return value:  Size  Location     Type
                  1    wreg      void 
 Registers used:
		wreg, status,2
 Tracked objects:
		On entry : 
		On exit  : 
		Unchanged: 
 Data sizes:     COMRAM   BANK0   BANK1   BANK2   BANK3   BANK4   BANK5   BANK6   BANK7   BANK8   BANK9  BANK10  BANK11  BANK12  BANK13  BANK14  BANK15
      Params:         0       0       0       0       0       0       0       0       0       0       0       0       0       0       0       0       0
      Locals:         0       0       0       0       0       0       0       0       0       0       0       0       0       0       0       0       0
      Temps:          0       0       0       0       0       0       0       0       0       0       0       0       0       0       0       0       0
      Totals:         0       0       0       0       0       0       0       0       0       0       0       0       0       0       0       0       0
Total ram usage:        0 bytes
 Hardware stack levels used:    1
 Hardware stack levels required when called:    5
 This function calls:
		Nothing
 This function is called by:
		_main
 This function uses a non-reentrant model


 *************** function _init_interrupt *****************
 Defined at:
		line 5 in file "F:/SV3_HK2/DoAn2/MPLABXProjects/I2CHandCodeAndCompute.X/interrupt.c"
 Parameters:    Size  Location     Type
		None
 Auto vars:     Size  Location     Type
		None
 Return value:  Size  Location     Type
                  1    wreg      void 
 Registers used:
		None
 Tracked objects:
		On entry : 
		On exit  : 
		Unchanged: 
 Data sizes:     COMRAM   BANK0   BANK1   BANK2   BANK3   BANK4   BANK5   BANK6   BANK7   BANK8   BANK9  BANK10  BANK11  BANK12  BANK13  BANK14  BANK15
      Params:         0       0       0       0       0       0       0       0       0       0       0       0       0       0       0       0       0
      Locals:         0       0       0       0       0       0       0       0       0       0       0       0       0       0       0       0       0
      Temps:          0       0       0       0       0       0       0       0       0       0       0       0       0       0       0       0       0
      Totals:         0       0       0       0       0       0       0       0       0       0       0       0       0       0       0       0       0
Total ram usage:        0 bytes
 Hardware stack levels used:    1
 Hardware stack levels required when called:    5
 This function calls:
		Nothing
 This function is called by:
		_main
 This function uses a non-reentrant model


 *************** function _LCD_String *****************
 Defined at:
		line 72 in file "F:/SV3_HK2/DoAn2/MPLABXProjects/I2CHandCodeAndCompute.X/lcd.c"
 Parameters:    Size  Location     Type
  str             2    3[BANK0 ] PTR unsigned char 
		 -> STR_2(5), printValue@str(6), STR_1(16), 
 Auto vars:     Size  Location     Type
  i               2    7[BANK0 ] int 
 Return value:  Size  Location     Type
                  1    wreg      void 
 Registers used:
		wreg, fsr0l, fsr0h, status,2, status,0, tblptrl, tblptrh, tblptru, cstack
 Tracked objects:
		On entry : 
		On exit  : 
		Unchanged: 
 Data sizes:     COMRAM   BANK0   BANK1   BANK2   BANK3   BANK4   BANK5   BANK6   BANK7   BANK8   BANK9  BANK10  BANK11  BANK12  BANK13  BANK14  BANK15
      Params:         0       2       0       0       0       0       0       0       0       0       0       0       0       0       0       0       0
      Locals:         0       2       0       0       0       0       0       0       0       0       0       0       0       0       0       0       0
      Temps:          0       2       0       0       0       0       0       0       0       0       0       0       0       0       0       0       0
      Totals:         0       6       0       0       0       0       0       0       0       0       0       0       0       0       0       0       0
Total ram usage:        6 bytes
 Hardware stack levels used:    1
 Hardware stack levels required when called:    6
 This function calls:
		_LCD_Char
 This function is called by:
		_main
 This function uses a non-reentrant model


 *************** function _LCD_Char *****************
 Defined at:
		line 49 in file "F:/SV3_HK2/DoAn2/MPLABXProjects/I2CHandCodeAndCompute.X/lcd.c"
 Parameters:    Size  Location     Type
  char_data       1    wreg     unsigned char 
 Auto vars:     Size  Location     Type
  char_data       1    2[BANK0 ] unsigned char 
 Return value:  Size  Location     Type
                  1    wreg      void 
 Registers used:
		wreg, status,2, status,0
 Tracked objects:
		On entry : 
		On exit  : 
		Unchanged: 
 Data sizes:     COMRAM   BANK0   BANK1   BANK2   BANK3   BANK4   BANK5   BANK6   BANK7   BANK8   BANK9  BANK10  BANK11  BANK12  BANK13  BANK14  BANK15
      Params:         0       0       0       0       0       0       0       0       0       0       0       0       0       0       0       0       0
      Locals:         0       1       0       0       0       0       0       0       0       0       0       0       0       0       0       0       0
      Temps:          0       2       0       0       0       0       0       0       0       0       0       0       0       0       0       0       0
      Totals:         0       3       0       0       0       0       0       0       0       0       0       0       0       0       0       0       0
Total ram usage:        3 bytes
 Hardware stack levels used:    1
 Hardware stack levels required when called:    5
 This function calls:
		Nothing
 This function is called by:
		_LCD_String
 This function uses a non-reentrant model


 *************** function _LCD_Init *****************
 Defined at:
		line 5 in file "F:/SV3_HK2/DoAn2/MPLABXProjects/I2CHandCodeAndCompute.X/lcd.c"
 Parameters:    Size  Location     Type
		None
 Auto vars:     Size  Location     Type
		None
 Return value:  Size  Location     Type
                  1    wreg      void 
 Registers used:
		wreg, status,2, status,0, cstack
 Tracked objects:
		On entry : 
		On exit  : 
		Unchanged: 
 Data sizes:     COMRAM   BANK0   BANK1   BANK2   BANK3   BANK4   BANK5   BANK6   BANK7   BANK8   BANK9  BANK10  BANK11  BANK12  BANK13  BANK14  BANK15
      Params:         0       0       0       0       0       0       0       0       0       0       0       0       0       0       0       0       0
      Locals:         0       0       0       0       0       0       0       0       0       0       0       0       0       0       0       0       0
      Temps:          0       1       0       0       0       0       0       0       0       0       0       0       0       0       0       0       0
      Totals:         0       1       0       0       0       0       0       0       0       0       0       0       0       0       0       0       0
Total ram usage:        1 bytes
 Hardware stack levels used:    1
 Hardware stack levels required when called:    6
 This function calls:
		_LCD_Command
 This function is called by:
		_main
 This function uses a non-reentrant model


 *************** function _LCD_Command *****************
 Defined at:
		line 25 in file "F:/SV3_HK2/DoAn2/MPLABXProjects/I2CHandCodeAndCompute.X/lcd.c"
 Parameters:    Size  Location     Type
  cmnd            1    wreg     unsigned char 
 Auto vars:     Size  Location     Type
  cmnd            1    3[BANK0 ] unsigned char 
  LCD_Port        1    0        unsigned char 
 Return value:  Size  Location     Type
                  1    wreg      void 
 Registers used:
		wreg, status,2, status,0
 Tracked objects:
		On entry : 
		On exit  : 
		Unchanged: 
 Data sizes:     COMRAM   BANK0   BANK1   BANK2   BANK3   BANK4   BANK5   BANK6   BANK7   BANK8   BANK9  BANK10  BANK11  BANK12  BANK13  BANK14  BANK15
      Params:         0       0       0       0       0       0       0       0       0       0       0       0       0       0       0       0       0
      Locals:         0       2       0       0       0       0       0       0       0       0       0       0       0       0       0       0       0
      Temps:          0       2       0       0       0       0       0       0       0       0       0       0       0       0       0       0       0
      Totals:         0       4       0       0       0       0       0       0       0       0       0       0       0       0       0       0       0
Total ram usage:        4 bytes
 Hardware stack levels used:    1
 Hardware stack levels required when called:    5
 This function calls:
		Nothing
 This function is called by:
		_LCD_Init
 This function uses a non-reentrant model


 *************** function _I2C_Master_Init *****************
 Defined at:
		line 5 in file "F:/SV3_HK2/DoAn2/MPLABXProjects/I2CHandCodeAndCompute.X/i2c.c"
 Parameters:    Size  Location     Type
		None
 Auto vars:     Size  Location     Type
		None
 Return value:  Size  Location     Type
                  1    wreg      void 
 Registers used:
		wreg, status,2
 Tracked objects:
		On entry : 
		On exit  : 
		Unchanged: 
 Data sizes:     COMRAM   BANK0   BANK1   BANK2   BANK3   BANK4   BANK5   BANK6   BANK7   BANK8   BANK9  BANK10  BANK11  BANK12  BANK13  BANK14  BANK15
      Params:         0       0       0       0       0       0       0       0       0       0       0       0       0       0       0       0       0
      Locals:         0       0       0       0       0       0       0       0       0       0       0       0       0       0       0       0       0
      Temps:          0       0       0       0       0       0       0       0       0       0       0       0       0       0       0       0       0
      Totals:         0       0       0       0       0       0       0       0       0       0       0       0       0       0       0       0       0
Total ram usage:        0 bytes
 Hardware stack levels used:    1
 Hardware stack levels required when called:    5
 This function calls:
		Nothing
 This function is called by:
		_main
 This function uses a non-reentrant model


 *************** function _timer_interrupt *****************
 Defined at:
		line 26 in file "F:/SV3_HK2/DoAn2/MPLABXProjects/I2CHandCodeAndCompute.X/main.c"
 Parameters:    Size  Location     Type
		None
 Auto vars:     Size  Location     Type
  lux             2   82[COMRAM] struct .
 Return value:  Size  Location     Type
                  1    wreg      void 
 Registers used:
		wreg, fsr0l, fsr0h, fsr1l, fsr1h, fsr2l, fsr2h, status,2, status,0, tblptrl, tblptrh, tblptru, cstack
 Tracked objects:
		On entry : 
		On exit  : 
		Unchanged: 
 Data sizes:     COMRAM   BANK0   BANK1   BANK2   BANK3   BANK4   BANK5   BANK6   BANK7   BANK8   BANK9  BANK10  BANK11  BANK12  BANK13  BANK14  BANK15
      Params:         0       0       0       0       0       0       0       0       0       0       0       0       0       0       0       0       0
      Locals:         2       0       0       0       0       0       0       0       0       0       0       0       0       0       0       0       0
      Temps:         13       0       0       0       0       0       0       0       0       0       0       0       0       0       0       0       0
      Totals:        15       0       0       0       0       0       0       0       0       0       0       0       0       0       0       0       0
Total ram usage:       15 bytes
 Hardware stack levels used:    1
 Hardware stack levels required when called:    4
 This function calls:
		_printValue
		_readByte
		i1_setup_timer0
 This function is called by:
		Interrupt level 1
 This function uses a non-reentrant model


 *************** function i1_setup_timer0 *****************
 Defined at:
		line 25 in file "F:/SV3_HK2/DoAn2/MPLABXProjects/I2CHandCodeAndCompute.X/interrupt.c"
 Parameters:    Size  Location     Type
		None
 Auto vars:     Size  Location     Type
		None
 Return value:  Size  Location     Type
                  1    wreg      void 
 Registers used:
		wreg, status,2
 Tracked objects:
		On entry : 
		On exit  : 
		Unchanged: 
 Data sizes:     COMRAM   BANK0   BANK1   BANK2   BANK3   BANK4   BANK5   BANK6   BANK7   BANK8   BANK9  BANK10  BANK11  BANK12  BANK13  BANK14  BANK15
      Params:         0       0       0       0       0       0       0       0       0       0       0       0       0       0       0       0       0
      Locals:         0       0       0       0       0       0       0       0       0       0       0       0       0       0       0       0       0
      Temps:          0       0       0       0       0       0       0       0       0       0       0       0       0       0       0       0       0
      Totals:         0       0       0       0       0       0       0       0       0       0       0       0       0       0       0       0       0
Total ram usage:        0 bytes
 Hardware stack levels used:    1
 This function calls:
		Nothing
 This function is called by:
		_timer_interrupt
 This function uses a non-reentrant model


 *************** function _readByte *****************
 Defined at:
		line 55 in file "F:/SV3_HK2/DoAn2/MPLABXProjects/I2CHandCodeAndCompute.X/main.c"
 Parameters:    Size  Location     Type
		None
 Auto vars:     Size  Location     Type
  byte            2    7[COMRAM] struct .
 Return value:  Size  Location     Type
                  2    3[COMRAM] struct .
 Registers used:
		wreg, status,2, status,0, cstack
 Tracked objects:
		On entry : 
		On exit  : 
		Unchanged: 
 Data sizes:     COMRAM   BANK0   BANK1   BANK2   BANK3   BANK4   BANK5   BANK6   BANK7   BANK8   BANK9  BANK10  BANK11  BANK12  BANK13  BANK14  BANK15
      Params:         2       0       0       0       0       0       0       0       0       0       0       0       0       0       0       0       0
      Locals:         2       0       0       0       0       0       0       0       0       0       0       0       0       0       0       0       0
      Temps:          2       0       0       0       0       0       0       0       0       0       0       0       0       0       0       0       0
      Totals:         6       0       0       0       0       0       0       0       0       0       0       0       0       0       0       0       0
Total ram usage:        6 bytes
 Hardware stack levels used:    1
 Hardware stack levels required when called:    2
 This function calls:
		_I2C_Master_Read
		_I2C_Master_Start
		_I2C_Master_Stop
		_I2C_Master_Write
 This function is called by:
		_timer_interrupt
 This function uses a non-reentrant model


 *************** function _I2C_Master_Write *****************
 Defined at:
		line 31 in file "F:/SV3_HK2/DoAn2/MPLABXProjects/I2CHandCodeAndCompute.X/i2c.c"
 Parameters:    Size  Location     Type
  d               1    wreg     unsigned char 
 Auto vars:     Size  Location     Type
  d               1    0[COMRAM] unsigned char 
 Return value:  Size  Location     Type
                  1    wreg      void 
 Registers used:
		wreg, cstack
 Tracked objects:
		On entry : 
		On exit  : 
		Unchanged: 
 Data sizes:     COMRAM   BANK0   BANK1   BANK2   BANK3   BANK4   BANK5   BANK6   BANK7   BANK8   BANK9  BANK10  BANK11  BANK12  BANK13  BANK14  BANK15
      Params:         0       0       0       0       0       0       0       0       0       0       0       0       0       0       0       0       0
      Locals:         1       0       0       0       0       0       0       0       0       0       0       0       0       0       0       0       0
      Temps:          0       0       0       0       0       0       0       0       0       0       0       0       0       0       0       0       0
      Totals:         1       0       0       0       0       0       0       0       0       0       0       0       0       0       0       0       0
Total ram usage:        1 bytes
 Hardware stack levels used:    1
 Hardware stack levels required when called:    1
 This function calls:
		_I2C_Master_Wait
 This function is called by:
		_readByte
 This function uses a non-reentrant model


 *************** function _I2C_Master_Stop *****************
 Defined at:
		line 39 in file "F:/SV3_HK2/DoAn2/MPLABXProjects/I2CHandCodeAndCompute.X/i2c.c"
 Parameters:    Size  Location     Type
		None
 Auto vars:     Size  Location     Type
		None
 Return value:  Size  Location     Type
                  1    wreg      void 
 Registers used:
		cstack
 Tracked objects:
		On entry : 
		On exit  : 
		Unchanged: 
 Data sizes:     COMRAM   BANK0   BANK1   BANK2   BANK3   BANK4   BANK5   BANK6   BANK7   BANK8   BANK9  BANK10  BANK11  BANK12  BANK13  BANK14  BANK15
      Params:         0       0       0       0       0       0       0       0       0       0       0       0       0       0       0       0       0
      Locals:         0       0       0       0       0       0       0       0       0       0       0       0       0       0       0       0       0
      Temps:          0       0       0       0       0       0       0       0       0       0       0       0       0       0       0       0       0
      Totals:         0       0       0       0       0       0       0       0       0       0       0       0       0       0       0       0       0
Total ram usage:        0 bytes
 Hardware stack levels used:    1
 Hardware stack levels required when called:    1
 This function calls:
		_I2C_Master_Wait
 This function is called by:
		_readByte
 This function uses a non-reentrant model


 *************** function _I2C_Master_Start *****************
 Defined at:
		line 25 in file "F:/SV3_HK2/DoAn2/MPLABXProjects/I2CHandCodeAndCompute.X/i2c.c"
 Parameters:    Size  Location     Type
		None
 Auto vars:     Size  Location     Type
		None
 Return value:  Size  Location     Type
                  1    wreg      void 
 Registers used:
		cstack
 Tracked objects:
		On entry : 
		On exit  : 
		Unchanged: 
 Data sizes:     COMRAM   BANK0   BANK1   BANK2   BANK3   BANK4   BANK5   BANK6   BANK7   BANK8   BANK9  BANK10  BANK11  BANK12  BANK13  BANK14  BANK15
      Params:         0       0       0       0       0       0       0       0       0       0       0       0       0       0       0       0       0
      Locals:         0       0       0       0       0       0       0       0       0       0       0       0       0       0       0       0       0
      Temps:          0       0       0       0       0       0       0       0       0       0       0       0       0       0       0       0       0
      Totals:         0       0       0       0       0       0       0       0       0       0       0       0       0       0       0       0       0
Total ram usage:        0 bytes
 Hardware stack levels used:    1
 Hardware stack levels required when called:    1
 This function calls:
		_I2C_Master_Wait
 This function is called by:
		_readByte
 This function uses a non-reentrant model


 *************** function _I2C_Master_Read *****************
 Defined at:
		line 45 in file "F:/SV3_HK2/DoAn2/MPLABXProjects/I2CHandCodeAndCompute.X/i2c.c"
 Parameters:    Size  Location     Type
  a               1    wreg     unsigned char 
 Auto vars:     Size  Location     Type
  a               1    1[COMRAM] unsigned char 
  temp            1    2[COMRAM] unsigned char 
 Return value:  Size  Location     Type
                  1    wreg      unsigned char 
 Registers used:
		wreg, status,2, status,0, cstack
 Tracked objects:
		On entry : 
		On exit  : 
		Unchanged: 
 Data sizes:     COMRAM   BANK0   BANK1   BANK2   BANK3   BANK4   BANK5   BANK6   BANK7   BANK8   BANK9  BANK10  BANK11  BANK12  BANK13  BANK14  BANK15
      Params:         0       0       0       0       0       0       0       0       0       0       0       0       0       0       0       0       0
      Locals:         2       0       0       0       0       0       0       0       0       0       0       0       0       0       0       0       0
      Temps:          1       0       0       0       0       0       0       0       0       0       0       0       0       0       0       0       0
      Totals:         3       0       0       0       0       0       0       0       0       0       0       0       0       0       0       0       0
Total ram usage:        3 bytes
 Hardware stack levels used:    1
 Hardware stack levels required when called:    1
 This function calls:
		_I2C_Master_Wait
 This function is called by:
		_readByte
 This function uses a non-reentrant model


 *************** function _I2C_Master_Wait *****************
 Defined at:
		line 19 in file "F:/SV3_HK2/DoAn2/MPLABXProjects/I2CHandCodeAndCompute.X/i2c.c"
 Parameters:    Size  Location     Type
		None
 Auto vars:     Size  Location     Type
		None
 Return value:  Size  Location     Type
                  1    wreg      void 
 Registers used:
		None
 Tracked objects:
		On entry : 
		On exit  : 
		Unchanged: 
 Data sizes:     COMRAM   BANK0   BANK1   BANK2   BANK3   BANK4   BANK5   BANK6   BANK7   BANK8   BANK9  BANK10  BANK11  BANK12  BANK13  BANK14  BANK15
      Params:         0       0       0       0       0       0       0       0       0       0       0       0       0       0       0       0       0
      Locals:         0       0       0       0       0       0       0       0       0       0       0       0       0       0       0       0       0
      Temps:          0       0       0       0       0       0       0       0       0       0       0       0       0       0       0       0       0
      Totals:         0       0       0       0       0       0       0       0       0       0       0       0       0       0       0       0       0
Total ram usage:        0 bytes
 Hardware stack levels used:    1
 This function calls:
		Nothing
 This function is called by:
		_I2C_Master_Start
		_I2C_Master_Write
		_I2C_Master_Stop
		_I2C_Master_Read
		_I2C_Master_Restart
 This function uses a non-reentrant model


 *************** function _printValue *****************
 Defined at:
		line 70 in file "F:/SV3_HK2/DoAn2/MPLABXProjects/I2CHandCodeAndCompute.X/main.c"
 Parameters:    Size  Location     Type
  lux             2   49[COMRAM] struct .
 Auto vars:     Size  Location     Type
  number          2   61[COMRAM] int 
  str             6   55[COMRAM] unsigned char [6]
  value           4   65[COMRAM] long 
  i               2   63[COMRAM] int 
 Return value:  Size  Location     Type
                  1    wreg      void 
 Registers used:
		wreg, fsr0l, fsr0h, fsr1l, fsr1h, fsr2l, fsr2h, status,2, status,0, tblptrl, tblptrh, tblptru, cstack
 Tracked objects:
		On entry : 
		On exit  : 
		Unchanged: 
 Data sizes:     COMRAM   BANK0   BANK1   BANK2   BANK3   BANK4   BANK5   BANK6   BANK7   BANK8   BANK9  BANK10  BANK11  BANK12  BANK13  BANK14  BANK15
      Params:         2       0       0       0       0       0       0       0       0       0       0       0       0       0       0       0       0
      Locals:        14       0       0       0       0       0       0       0       0       0       0       0       0       0       0       0       0
      Temps:          4       0       0       0       0       0       0       0       0       0       0       0       0       0       0       0       0
      Totals:        20       0       0       0       0       0       0       0       0       0       0       0       0       0       0       0       0
Total ram usage:       20 bytes
 Hardware stack levels used:    1
 Hardware stack levels required when called:    3
 This function calls:
		_LCD_String_xy
		___aldiv
		___almod
		___fldiv
		___fltol
		___xxtofl
		i1_LCD_String
 This function is called by:
		_timer_interrupt
 This function uses a non-reentrant model


 *************** function ___xxtofl *****************
 Defined at:
		line 10 in file "C:\Program Files (x86)\Microchip\xc8\v2.05\pic\sources\c99\common\xxtofl.c"
 Parameters:    Size  Location     Type
  sign            1    wreg     unsigned char 
  val             4    0[COMRAM] long 
 Auto vars:     Size  Location     Type
  sign            1    8[COMRAM] unsigned char 
  arg             4   10[COMRAM] unsigned long 
  exp             1    9[COMRAM] unsigned char 
 Return value:  Size  Location     Type
                  4    0[COMRAM] unsigned char 
 Registers used:
		wreg, status,2, status,0
 Tracked objects:
		On entry : 
		On exit  : 
		Unchanged: 
 Data sizes:     COMRAM   BANK0   BANK1   BANK2   BANK3   BANK4   BANK5   BANK6   BANK7   BANK8   BANK9  BANK10  BANK11  BANK12  BANK13  BANK14  BANK15
      Params:         4       0       0       0       0       0       0       0       0       0       0       0       0       0       0       0       0
      Locals:         6       0       0       0       0       0       0       0       0       0       0       0       0       0       0       0       0
      Temps:          4       0       0       0       0       0       0       0       0       0       0       0       0       0       0       0       0
      Totals:        14       0       0       0       0       0       0       0       0       0       0       0       0       0       0       0       0
Total ram usage:       14 bytes
 Hardware stack levels used:    1
 This function calls:
		Nothing
 This function is called by:
		_printValue
 This function uses a non-reentrant model


 *************** function ___fltol *****************
 Defined at:
		line 43 in file "C:\Program Files (x86)\Microchip\xc8\v2.05\pic\sources\c99\common\fltol.c"
 Parameters:    Size  Location     Type
  f1              4   39[COMRAM] unsigned char 
 Auto vars:     Size  Location     Type
  exp1            1   48[COMRAM] unsigned char 
  sign1           1   47[COMRAM] unsigned char 
 Return value:  Size  Location     Type
                  4   39[COMRAM] long 
 Registers used:
		wreg, status,2, status,0
 Tracked objects:
		On entry : 
		On exit  : 
		Unchanged: 
 Data sizes:     COMRAM   BANK0   BANK1   BANK2   BANK3   BANK4   BANK5   BANK6   BANK7   BANK8   BANK9  BANK10  BANK11  BANK12  BANK13  BANK14  BANK15
      Params:         4       0       0       0       0       0       0       0       0       0       0       0       0       0       0       0       0
      Locals:         2       0       0       0       0       0       0       0       0       0       0       0       0       0       0       0       0
      Temps:          4       0       0       0       0       0       0       0       0       0       0       0       0       0       0       0       0
      Totals:        10       0       0       0       0       0       0       0       0       0       0       0       0       0       0       0       0
Total ram usage:       10 bytes
 Hardware stack levels used:    1
 This function calls:
		Nothing
 This function is called by:
		_printValue
 This function uses a non-reentrant model


 *************** function ___fldiv *****************
 Defined at:
		line 11 in file "C:\Program Files (x86)\Microchip\xc8\v2.05\pic\sources\c99\common\sprcdiv.c"
 Parameters:    Size  Location     Type
  b               4   14[COMRAM] long 
  a               4   18[COMRAM] long 
 Auto vars:     Size  Location     Type
  grs             4   33[COMRAM] unsigned long 
  rem             4   26[COMRAM] unsigned long 
  new_exp         2   31[COMRAM] short 
  aexp            1   38[COMRAM] unsigned char 
  bexp            1   37[COMRAM] unsigned char 
  sign            1   30[COMRAM] unsigned char 
 Return value:  Size  Location     Type
                  4   14[COMRAM] unsigned char 
 Registers used:
		wreg, status,2, status,0
 Tracked objects:
		On entry : 
		On exit  : 
		Unchanged: 
 Data sizes:     COMRAM   BANK0   BANK1   BANK2   BANK3   BANK4   BANK5   BANK6   BANK7   BANK8   BANK9  BANK10  BANK11  BANK12  BANK13  BANK14  BANK15
      Params:         8       0       0       0       0       0       0       0       0       0       0       0       0       0       0       0       0
      Locals:        13       0       0       0       0       0       0       0       0       0       0       0       0       0       0       0       0
      Temps:          4       0       0       0       0       0       0       0       0       0       0       0       0       0       0       0       0
      Totals:        25       0       0       0       0       0       0       0       0       0       0       0       0       0       0       0       0
Total ram usage:       25 bytes
 Hardware stack levels used:    1
 This function calls:
		Nothing
 This function is called by:
		_printValue
 This function uses a non-reentrant model


 *************** function ___almod *****************
 Defined at:
		line 7 in file "C:\Program Files (x86)\Microchip\xc8\v2.05\pic\sources\c99\common\almod.c"
 Parameters:    Size  Location     Type
  dividend        4    0[COMRAM] long 
  divisor         4    4[COMRAM] long 
 Auto vars:     Size  Location     Type
  sign            1    9[COMRAM] unsigned char 
  counter         1    8[COMRAM] unsigned char 
 Return value:  Size  Location     Type
                  4    0[COMRAM] long 
 Registers used:
		wreg, status,2, status,0
 Tracked objects:
		On entry : 
		On exit  : 
		Unchanged: 
 Data sizes:     COMRAM   BANK0   BANK1   BANK2   BANK3   BANK4   BANK5   BANK6   BANK7   BANK8   BANK9  BANK10  BANK11  BANK12  BANK13  BANK14  BANK15
      Params:         8       0       0       0       0       0       0       0       0       0       0       0       0       0       0       0       0
      Locals:         2       0       0       0       0       0       0       0       0       0       0       0       0       0       0       0       0
      Temps:          0       0       0       0       0       0       0       0       0       0       0       0       0       0       0       0       0
      Totals:        10       0       0       0       0       0       0       0       0       0       0       0       0       0       0       0       0
Total ram usage:       10 bytes
 Hardware stack levels used:    1
 This function calls:
		Nothing
 This function is called by:
		_printValue
 This function uses a non-reentrant model


 *************** function ___aldiv *****************
 Defined at:
		line 7 in file "C:\Program Files (x86)\Microchip\xc8\v2.05\pic\sources\c99\common\aldiv.c"
 Parameters:    Size  Location     Type
  dividend        4    0[COMRAM] long 
  divisor         4    4[COMRAM] long 
 Auto vars:     Size  Location     Type
  quotient        4   10[COMRAM] long 
  sign            1    9[COMRAM] unsigned char 
  counter         1    8[COMRAM] unsigned char 
 Return value:  Size  Location     Type
                  4    0[COMRAM] long 
 Registers used:
		wreg, status,2, status,0
 Tracked objects:
		On entry : 
		On exit  : 
		Unchanged: 
 Data sizes:     COMRAM   BANK0   BANK1   BANK2   BANK3   BANK4   BANK5   BANK6   BANK7   BANK8   BANK9  BANK10  BANK11  BANK12  BANK13  BANK14  BANK15
      Params:         8       0       0       0       0       0       0       0       0       0       0       0       0       0       0       0       0
      Locals:         6       0       0       0       0       0       0       0       0       0       0       0       0       0       0       0       0
      Temps:          0       0       0       0       0       0       0       0       0       0       0       0       0       0       0       0       0
      Totals:        14       0       0       0       0       0       0       0       0       0       0       0       0       0       0       0       0
Total ram usage:       14 bytes
 Hardware stack levels used:    1
 This function calls:
		Nothing
 This function is called by:
		_printValue
 This function uses a non-reentrant model


 *************** function _LCD_String_xy *****************
 Defined at:
		line 81 in file "F:/SV3_HK2/DoAn2/MPLABXProjects/I2CHandCodeAndCompute.X/lcd.c"
 Parameters:    Size  Location     Type
  row             1    wreg     unsigned char 
  pos             1    9[COMRAM] unsigned char 
  str             2   10[COMRAM] PTR unsigned char 
		 -> printValue@str(6), 
 Auto vars:     Size  Location     Type
  row             1   12[COMRAM] unsigned char 
 Return value:  Size  Location     Type
                  1    wreg      void 
 Registers used:
		wreg, fsr0l, fsr0h, status,2, status,0, tblptrl, tblptrh, tblptru, cstack
 Tracked objects:
		On entry : 
		On exit  : 
		Unchanged: 
 Data sizes:     COMRAM   BANK0   BANK1   BANK2   BANK3   BANK4   BANK5   BANK6   BANK7   BANK8   BANK9  BANK10  BANK11  BANK12  BANK13  BANK14  BANK15
      Params:         3       0       0       0       0       0       0       0       0       0       0       0       0       0       0       0       0
      Locals:         1       0       0       0       0       0       0       0       0       0       0       0       0       0       0       0       0
      Temps:          0       0       0       0       0       0       0       0       0       0       0       0       0       0       0       0       0
      Totals:         4       0       0       0       0       0       0       0       0       0       0       0       0       0       0       0       0
Total ram usage:        4 bytes
 Hardware stack levels used:    1
 Hardware stack levels required when called:    2
 This function calls:
		i1_LCD_Command
		i1_LCD_String
 This function is called by:
		_printValue
 This function uses a non-reentrant model


 *************** function i1_LCD_String *****************
 Defined at:
		line 72 in file "F:/SV3_HK2/DoAn2/MPLABXProjects/I2CHandCodeAndCompute.X/lcd.c"
 Parameters:    Size  Location     Type
  str             2    3[COMRAM] PTR unsigned char 
		 -> STR_2(5), printValue@str(6), STR_1(16), 
 Auto vars:     Size  Location     Type
  LCD_String      2    7[COMRAM] int 
 Return value:  Size  Location     Type
                  1    wreg      void 
 Registers used:
		wreg, fsr0l, fsr0h, status,2, status,0, tblptrl, tblptrh, tblptru, cstack
 Tracked objects:
		On entry : 
		On exit  : 
		Unchanged: 
 Data sizes:     COMRAM   BANK0   BANK1   BANK2   BANK3   BANK4   BANK5   BANK6   BANK7   BANK8   BANK9  BANK10  BANK11  BANK12  BANK13  BANK14  BANK15
      Params:         2       0       0       0       0       0       0       0       0       0       0       0       0       0       0       0       0
      Locals:         2       0       0       0       0       0       0       0       0       0       0       0       0       0       0       0       0
      Temps:          2       0       0       0       0       0       0       0       0       0       0       0       0       0       0       0       0
      Totals:         6       0       0       0       0       0       0       0       0       0       0       0       0       0       0       0       0
Total ram usage:        6 bytes
 Hardware stack levels used:    1
 Hardware stack levels required when called:    1
 This function calls:
		i1_LCD_Char
 This function is called by:
		_printValue
		_LCD_String_xy
 This function uses a non-reentrant model


 *************** function i1_LCD_Char *****************
 Defined at:
		line 49 in file "F:/SV3_HK2/DoAn2/MPLABXProjects/I2CHandCodeAndCompute.X/lcd.c"
 Parameters:    Size  Location     Type
  char_data       1    wreg     unsigned char 
 Auto vars:     Size  Location     Type
  char_data       1    2[COMRAM] unsigned char 
 Return value:  Size  Location     Type
                  1    wreg      void 
 Registers used:
		wreg, status,2, status,0
 Tracked objects:
		On entry : 
		On exit  : 
		Unchanged: 
 Data sizes:     COMRAM   BANK0   BANK1   BANK2   BANK3   BANK4   BANK5   BANK6   BANK7   BANK8   BANK9  BANK10  BANK11  BANK12  BANK13  BANK14  BANK15
      Params:         0       0       0       0       0       0       0       0       0       0       0       0       0       0       0       0       0
      Locals:         1       0       0       0       0       0       0       0       0       0       0       0       0       0       0       0       0
      Temps:          2       0       0       0       0       0       0       0       0       0       0       0       0       0       0       0       0
      Totals:         3       0       0       0       0       0       0       0       0       0       0       0       0       0       0       0       0
Total ram usage:        3 bytes
 Hardware stack levels used:    1
 This function calls:
		Nothing
 This function is called by:
		i1_LCD_String
 This function uses a non-reentrant model


 *************** function i1_LCD_Command *****************
 Defined at:
		line 25 in file "F:/SV3_HK2/DoAn2/MPLABXProjects/I2CHandCodeAndCompute.X/lcd.c"
 Parameters:    Size  Location     Type
  cmnd            1    wreg     unsigned char 
 Auto vars:     Size  Location     Type
  cmnd            1    3[COMRAM] unsigned char 
  LCD_Command     1    0        unsigned char 
 Return value:  Size  Location     Type
                  1    wreg      void 
 Registers used:
		wreg, status,2, status,0
 Tracked objects:
		On entry : 
		On exit  : 
		Unchanged: 
 Data sizes:     COMRAM   BANK0   BANK1   BANK2   BANK3   BANK4   BANK5   BANK6   BANK7   BANK8   BANK9  BANK10  BANK11  BANK12  BANK13  BANK14  BANK15
      Params:         0       0       0       0       0       0       0       0       0       0       0       0       0       0       0       0       0
      Locals:         2       0       0       0       0       0       0       0       0       0       0       0       0       0       0       0       0
      Temps:          2       0       0       0       0       0       0       0       0       0       0       0       0       0       0       0       0
      Totals:         4       0       0       0       0       0       0       0       0       0       0       0       0       0       0       0       0
Total ram usage:        4 bytes
 Hardware stack levels used:    1
 This function calls:
		Nothing
 This function is called by:
		_LCD_String_xy
 This function uses a non-reentrant model



MODULE INFORMATION

Module		Function		Class		Link	Load	Size
F:/SV3_HK2/DoAn2/MPLABXProjects/I2CHandCodeAndCompute.X/interrupt.c
		_init_interrupt_timer0		CODE           	1E50	0000	19
		_setup_timer0  		CODE           	1E62	0000	15
		_init_interrupt		CODE           	1E7E	0000	9

F:/SV3_HK2/DoAn2/MPLABXProjects/I2CHandCodeAndCompute.X/interrupt.c estimated size: 43

C:\Program Files (x86)\Microchip\xc8\v2.05\pic\sources\c99\common\almod.c
		___almod       		CODE           	1B2E	0000	173

C:\Program Files (x86)\Microchip\xc8\v2.05\pic\sources\c99\common\almod.c estimated size: 173

F:/SV3_HK2/DoAn2/MPLABXProjects/I2CHandCodeAndCompute.X/i2c.c
		_I2C_Master_Read		CODE           	1D64	0000	55
		_I2C_Master_Wait		CODE           	1E96	0000	9
		_I2C_Master_Init		CODE           	1E1E	0000	31
		_I2C_Master_Stop		CODE           	1E86	0000	9
		_I2C_Master_Write		CODE           	1E3C	0000	21
		_I2C_Master_Start		CODE           	1E8E	0000	9

F:/SV3_HK2/DoAn2/MPLABXProjects/I2CHandCodeAndCompute.X/i2c.c estimated size: 134

C:\Program Files (x86)\Microchip\xc8\v2.05\pic\sources\c99\common\xxtofl.c
		___xxtofl      		CODE           	1410	0000	321

C:\Program Files (x86)\Microchip\xc8\v2.05\pic\sources\c99\common\xxtofl.c estimated size: 321

C:\Program Files (x86)\Microchip\xc8\v2.05\pic\sources\c99\common\fltol.c
		___fltol       		CODE           	1A74	0000	187

C:\Program Files (x86)\Microchip\xc8\v2.05\pic\sources\c99\common\fltol.c estimated size: 187

C:\Program Files (x86)\Microchip\xc8\v2.05\pic\sources\c99\common\aldiv.c
		___aldiv       		CODE           	19A8	0000	205

C:\Program Files (x86)\Microchip\xc8\v2.05\pic\sources\c99\common\aldiv.c estimated size: 205

C:\Program Files (x86)\Microchip\xc8\v2.05\pic\sources\c99\common\sprcdiv.c
		___fldiv       		CODE           	1018	0000	649

C:\Program Files (x86)\Microchip\xc8\v2.05\pic\sources\c99\common\sprcdiv.c estimated size: 649

shared
		i1_LCD_Char    		CODE           	178C	0000	271
		i1_LCD_String  		CODE           	1C56	0000	119
		i1_LCD_Command 		CODE           	189A	0000	271
		__initialization		CODE           	1DCC	0000	33
		i1_setup_timer0		CODE           	1E70	0000	15

shared estimated size: 709

F:/SV3_HK2/DoAn2/MPLABXProjects/I2CHandCodeAndCompute.X/main.c
		_readByte      		CODE           	1CCC	0000	85
		_timer_interrupt		CODE           	0018	0000	141
		_main          		CODE           	1DFA	0000	37
		_printValue    		CODE           	12A0	0000	369

F:/SV3_HK2/DoAn2/MPLABXProjects/I2CHandCodeAndCompute.X/main.c estimated size: 632

F:/SV3_HK2/DoAn2/MPLABXProjects/I2CHandCodeAndCompute.X/lcd.c
		_LCD_String    		CODE           	1BDA	0000	125
		_LCD_Init      		CODE           	1D20	0000	69
		_LCD_Command   		CODE           	166E	0000	287
		_LCD_String_xy 		CODE           	1D9A	0000	51
		_LCD_Char      		CODE           	1550	0000	287

F:/SV3_HK2/DoAn2/MPLABXProjects/I2CHandCodeAndCompute.X/lcd.c estimated size: 819

